Reference : T3241/8

Thank you for your e-mail enquiry of 12th February.

A reply is attached.
