Dear Mr. Brown,

Please find attached a reply to your FOI request.

Yours ever,

Adetokunbo Ighodaro

<<FOI 0169-08 final.doc>>
FOLDED_QUOTED_SECTION
References

Visible links
1. http://www.fco.gov.uk/
2. http://www.i-uk.com/