Preface to the message which we are not interested in

-----------------------------------------------------------------------------------------
Important message about cheese
