Dear Mr Cross

Freedom of Information Request Reference No: 2008040590

Yours sincerely

MICHAEL HEGARTY

FOI Officer
