Dear Mr Pollard,

Thank you for your email of 26 February. Please find a response attached.

Yours faithfully,

On behalf of James Hall, Chief Executive
Identity and Passport Service

<<9032 C Pollard final response.doc>>
FOLDED_QUOTED_SECTION

FOLDED_QUOTED_SECTION


FOLDED_QUOTED_SECTION

