 Hello Example,

 This is a reply to your test request Nov 28.

 Regards.


FOLDED_QUOTED_SECTION
