Dear Mr Cross

Freedom of Information Request Reference No: 2008040590

Yours sincerely

MICHAEL HEGARTY

FOI Officer
FOLDED_QUOTED_SECTION

FOLDED_QUOTED_SECTION


FOLDED_QUOTED_SECTION
