I will be out of the office starting 11/04/2008 and will not return until
22/04/2008.

I will respond to your message when I return. If you have any urgent
queries please ring 02085419088 for Legal Business Support queries or
contact Eileen Perren for FOI or DP queries
FOLDED_QUOTED_SECTION
